// Jest Snapshot v1, https://goo.gl/fbAQLP

exports[`Partcipants components matches the snapshot 1`] = `
<DocumentFragment>
  <div
    class="participants"
    data-testid="participants"
  />
</DocumentFragment>
`;
